email for user9@example.org, attachment 'update_report.pdf' ready.
                  Email sent to user9@example.org with subject 'Latest Updates'.
                  Got index name (user9_update.eml).
                  java.lang.NoSuchMethodError: 'boolean org.bouncycastle.asn1.ASN1TaggedObjectParser.hasTag(int, int)'